====================================================
   collectd 5.8.0.545.gdf6385c+: ./test-suite.log
====================================================

# TOTAL: 15
# PASS:  15
# SKIP:  0
# XFAIL: 0
# FAIL:  0
# XPASS: 0
# ERROR: 0

.. contents:: :depth: 2

